  Geri y├╝klenecek projeler belirleniyor...
  Geri y├╝kleme i├ğin t├╝m projeler g├╝ncel.
C:\Users\Furkan\Desktop\S─░TE_1\web_sitem_version_1.3_yay─▒n\Services\BlogService.cs(40,20): warning CS8603: Olas─▒ null ba┼şvuru d├Ân├╝┼ş├╝. [C:\Users\Furkan\Desktop\S─░TE_1\web_sitem_version_1.3_yay─▒n\Sitem.Web.csproj]
C:\Users\Furkan\Desktop\S─░TE_1\web_sitem_version_1.3_yay─▒n\Models\BlogPost.cs(8,23): warning CS8618: Null atanamaz ├Âzellik 'Id', olu┼şturucudan ├ğ─▒k─▒┼ş yaparken null olmayan bir de─şer i├ğermelidir. 'Gerekli' de─şi┼ştiricisini ekleyin veya ├Âzellik de─şerini null atanabilir olarak bildirmeyi g├Âz ├Ân├╝nde bulundurun. [C:\Users\Furkan\Desktop\S─░TE_1\web_sitem_version_1.3_yay─▒n\Sitem.Web.csproj]
C:\Users\Furkan\Desktop\S─░TE_1\web_sitem_version_1.3_yay─▒n\Models\BlogPost.cs(9,23): warning CS8618: Null atanamaz ├Âzellik 'Title', olu┼şturucudan ├ğ─▒k─▒┼ş yaparken null olmayan bir de─şer i├ğermelidir. 'Gerekli' de─şi┼ştiricisini ekleyin veya ├Âzellik de─şerini null atanabilir olarak bildirmeyi g├Âz ├Ân├╝nde bulundurun. [C:\Users\Furkan\Desktop\S─░TE_1\web_sitem_version_1.3_yay─▒n\Sitem.Web.csproj]
C:\Users\Furkan\Desktop\S─░TE_1\web_sitem_version_1.3_yay─▒n\Models\BlogPost.cs(10,23): warning CS8618: Null atanamaz ├Âzellik 'Slug', olu┼şturucudan ├ğ─▒k─▒┼ş yaparken null olmayan bir de─şer i├ğermelidir. 'Gerekli' de─şi┼ştiricisini ekleyin veya ├Âzellik de─şerini null atanabilir olarak bildirmeyi g├Âz ├Ân├╝nde bulundurun. [C:\Users\Furkan\Desktop\S─░TE_1\web_sitem_version_1.3_yay─▒n\Sitem.Web.csproj]
C:\Users\Furkan\Desktop\S─░TE_1\web_sitem_version_1.3_yay─▒n\Models\BlogPost.cs(11,23): warning CS8618: Null atanamaz ├Âzellik 'Summary', olu┼şturucudan ├ğ─▒k─▒┼ş yaparken null olmayan bir de─şer i├ğermelidir. 'Gerekli' de─şi┼ştiricisini ekleyin veya ├Âzellik de─şerini null atanabilir olarak bildirmeyi g├Âz ├Ân├╝nde bulundurun. [C:\Users\Furkan\Desktop\S─░TE_1\web_sitem_version_1.3_yay─▒n\Sitem.Web.csproj]
C:\Users\Furkan\Desktop\S─░TE_1\web_sitem_version_1.3_yay─▒n\Models\BlogPost.cs(12,23): warning CS8618: Null atanamaz ├Âzellik 'Content', olu┼şturucudan ├ğ─▒k─▒┼ş yaparken null olmayan bir de─şer i├ğermelidir. 'Gerekli' de─şi┼ştiricisini ekleyin veya ├Âzellik de─şerini null atanabilir olarak bildirmeyi g├Âz ├Ân├╝nde bulundurun. [C:\Users\Furkan\Desktop\S─░TE_1\web_sitem_version_1.3_yay─▒n\Sitem.Web.csproj]
C:\Users\Furkan\Desktop\S─░TE_1\web_sitem_version_1.3_yay─▒n\Models\BlogPost.cs(13,23): warning CS8618: Null atanamaz ├Âzellik 'Category', olu┼şturucudan ├ğ─▒k─▒┼ş yaparken null olmayan bir de─şer i├ğermelidir. 'Gerekli' de─şi┼ştiricisini ekleyin veya ├Âzellik de─şerini null atanabilir olarak bildirmeyi g├Âz ├Ân├╝nde bulundurun. [C:\Users\Furkan\Desktop\S─░TE_1\web_sitem_version_1.3_yay─▒n\Sitem.Web.csproj]
C:\Users\Furkan\Desktop\S─░TE_1\web_sitem_version_1.3_yay─▒n\Models\BlogPost.cs(14,23): warning CS8618: Null atanamaz ├Âzellik 'Author', olu┼şturucudan ├ğ─▒k─▒┼ş yaparken null olmayan bir de─şer i├ğermelidir. 'Gerekli' de─şi┼ştiricisini ekleyin veya ├Âzellik de─şerini null atanabilir olarak bildirmeyi g├Âz ├Ân├╝nde bulundurun. [C:\Users\Furkan\Desktop\S─░TE_1\web_sitem_version_1.3_yay─▒n\Sitem.Web.csproj]
C:\Users\Furkan\Desktop\S─░TE_1\web_sitem_version_1.3_yay─▒n\Models\BlogPost.cs(16,23): warning CS8618: Null atanamaz ├Âzellik 'ImageUrl', olu┼şturucudan ├ğ─▒k─▒┼ş yaparken null olmayan bir de─şer i├ğermelidir. 'Gerekli' de─şi┼ştiricisini ekleyin veya ├Âzellik de─şerini null atanabilir olarak bildirmeyi g├Âz ├Ân├╝nde bulundurun. [C:\Users\Furkan\Desktop\S─░TE_1\web_sitem_version_1.3_yay─▒n\Sitem.Web.csproj]
C:\Users\Furkan\Desktop\S─░TE_1\web_sitem_version_1.3_yay─▒n\Pages\Solutions.cshtml(64,6): error CS0103: 'keyframes' ad─▒ ge├ğerli ba─şlamda yok [C:\Users\Furkan\Desktop\S─░TE_1\web_sitem_version_1.3_yay─▒n\Sitem.Web.csproj]
C:\Users\Furkan\Desktop\S─░TE_1\web_sitem_version_1.3_yay─▒n\Pages\BlogDetails.cshtml(6,42): warning CS8604: 'BlogPost BlogService.GetPostBySlug(string slug)' i├ğindeki 'slug' parametresi i├ğin olas─▒ null ba┼şvuru ba─ş─▒ms─▒z de─şi┼şkeni. [C:\Users\Furkan\Desktop\S─░TE_1\web_sitem_version_1.3_yay─▒n\Sitem.Web.csproj]

Olu┼şturma BA┼ŞARISIZ OLDU.

C:\Users\Furkan\Desktop\S─░TE_1\web_sitem_version_1.3_yay─▒n\Services\BlogService.cs(40,20): warning CS8603: Olas─▒ null ba┼şvuru d├Ân├╝┼ş├╝. [C:\Users\Furkan\Desktop\S─░TE_1\web_sitem_version_1.3_yay─▒n\Sitem.Web.csproj]
C:\Users\Furkan\Desktop\S─░TE_1\web_sitem_version_1.3_yay─▒n\Models\BlogPost.cs(8,23): warning CS8618: Null atanamaz ├Âzellik 'Id', olu┼şturucudan ├ğ─▒k─▒┼ş yaparken null olmayan bir de─şer i├ğermelidir. 'Gerekli' de─şi┼ştiricisini ekleyin veya ├Âzellik de─şerini null atanabilir olarak bildirmeyi g├Âz ├Ân├╝nde bulundurun. [C:\Users\Furkan\Desktop\S─░TE_1\web_sitem_version_1.3_yay─▒n\Sitem.Web.csproj]
C:\Users\Furkan\Desktop\S─░TE_1\web_sitem_version_1.3_yay─▒n\Models\BlogPost.cs(9,23): warning CS8618: Null atanamaz ├Âzellik 'Title', olu┼şturucudan ├ğ─▒k─▒┼ş yaparken null olmayan bir de─şer i├ğermelidir. 'Gerekli' de─şi┼ştiricisini ekleyin veya ├Âzellik de─şerini null atanabilir olarak bildirmeyi g├Âz ├Ân├╝nde bulundurun. [C:\Users\Furkan\Desktop\S─░TE_1\web_sitem_version_1.3_yay─▒n\Sitem.Web.csproj]
C:\Users\Furkan\Desktop\S─░TE_1\web_sitem_version_1.3_yay─▒n\Models\BlogPost.cs(10,23): warning CS8618: Null atanamaz ├Âzellik 'Slug', olu┼şturucudan ├ğ─▒k─▒┼ş yaparken null olmayan bir de─şer i├ğermelidir. 'Gerekli' de─şi┼ştiricisini ekleyin veya ├Âzellik de─şerini null atanabilir olarak bildirmeyi g├Âz ├Ân├╝nde bulundurun. [C:\Users\Furkan\Desktop\S─░TE_1\web_sitem_version_1.3_yay─▒n\Sitem.Web.csproj]
C:\Users\Furkan\Desktop\S─░TE_1\web_sitem_version_1.3_yay─▒n\Models\BlogPost.cs(11,23): warning CS8618: Null atanamaz ├Âzellik 'Summary', olu┼şturucudan ├ğ─▒k─▒┼ş yaparken null olmayan bir de─şer i├ğermelidir. 'Gerekli' de─şi┼ştiricisini ekleyin veya ├Âzellik de─şerini null atanabilir olarak bildirmeyi g├Âz ├Ân├╝nde bulundurun. [C:\Users\Furkan\Desktop\S─░TE_1\web_sitem_version_1.3_yay─▒n\Sitem.Web.csproj]
C:\Users\Furkan\Desktop\S─░TE_1\web_sitem_version_1.3_yay─▒n\Models\BlogPost.cs(12,23): warning CS8618: Null atanamaz ├Âzellik 'Content', olu┼şturucudan ├ğ─▒k─▒┼ş yaparken null olmayan bir de─şer i├ğermelidir. 'Gerekli' de─şi┼ştiricisini ekleyin veya ├Âzellik de─şerini null atanabilir olarak bildirmeyi g├Âz ├Ân├╝nde bulundurun. [C:\Users\Furkan\Desktop\S─░TE_1\web_sitem_version_1.3_yay─▒n\Sitem.Web.csproj]
C:\Users\Furkan\Desktop\S─░TE_1\web_sitem_version_1.3_yay─▒n\Models\BlogPost.cs(13,23): warning CS8618: Null atanamaz ├Âzellik 'Category', olu┼şturucudan ├ğ─▒k─▒┼ş yaparken null olmayan bir de─şer i├ğermelidir. 'Gerekli' de─şi┼ştiricisini ekleyin veya ├Âzellik de─şerini null atanabilir olarak bildirmeyi g├Âz ├Ân├╝nde bulundurun. [C:\Users\Furkan\Desktop\S─░TE_1\web_sitem_version_1.3_yay─▒n\Sitem.Web.csproj]
C:\Users\Furkan\Desktop\S─░TE_1\web_sitem_version_1.3_yay─▒n\Models\BlogPost.cs(14,23): warning CS8618: Null atanamaz ├Âzellik 'Author', olu┼şturucudan ├ğ─▒k─▒┼ş yaparken null olmayan bir de─şer i├ğermelidir. 'Gerekli' de─şi┼ştiricisini ekleyin veya ├Âzellik de─şerini null atanabilir olarak bildirmeyi g├Âz ├Ân├╝nde bulundurun. [C:\Users\Furkan\Desktop\S─░TE_1\web_sitem_version_1.3_yay─▒n\Sitem.Web.csproj]
C:\Users\Furkan\Desktop\S─░TE_1\web_sitem_version_1.3_yay─▒n\Models\BlogPost.cs(16,23): warning CS8618: Null atanamaz ├Âzellik 'ImageUrl', olu┼şturucudan ├ğ─▒k─▒┼ş yaparken null olmayan bir de─şer i├ğermelidir. 'Gerekli' de─şi┼ştiricisini ekleyin veya ├Âzellik de─şerini null atanabilir olarak bildirmeyi g├Âz ├Ân├╝nde bulundurun. [C:\Users\Furkan\Desktop\S─░TE_1\web_sitem_version_1.3_yay─▒n\Sitem.Web.csproj]
C:\Users\Furkan\Desktop\S─░TE_1\web_sitem_version_1.3_yay─▒n\Pages\BlogDetails.cshtml(6,42): warning CS8604: 'BlogPost BlogService.GetPostBySlug(string slug)' i├ğindeki 'slug' parametresi i├ğin olas─▒ null ba┼şvuru ba─ş─▒ms─▒z de─şi┼şkeni. [C:\Users\Furkan\Desktop\S─░TE_1\web_sitem_version_1.3_yay─▒n\Sitem.Web.csproj]
C:\Users\Furkan\Desktop\S─░TE_1\web_sitem_version_1.3_yay─▒n\Pages\Solutions.cshtml(64,6): error CS0103: 'keyframes' ad─▒ ge├ğerli ba─şlamda yok [C:\Users\Furkan\Desktop\S─░TE_1\web_sitem_version_1.3_yay─▒n\Sitem.Web.csproj]
    10 Uyar─▒
    1 Hata

Ge├ğen S├╝re 00:00:01.41
